­ƒÜÇ Starting Food Provider Comprehensive Test Suite
============================================================

­ƒôï Running: Server Connectivity
[2025-06-27T16:32:52.791Z] ­ƒº¬ Testing Server Connectivity
[2025-06-27T16:32:52.883Z] Ô£à Server Connectivity: PASSED
Ô£à Server Connectivity: PASSED

­ƒôï Running: Food Provider Registration
[2025-06-27T16:32:52.883Z] ­ƒº¬ Testing Food Provider Registration
[2025-06-27T16:32:52.883Z] Registration data:
{
  "email": "fp_1751041972789@test.com",
  "password": "TestPassword123!",
  "name": "Test Food Provider",
  "phone": "+1234567890",
  "address": "123 Test Street",
  "role": "food_provider",
  "countryCode": "+92",
  "gender": "male",
  "profileImage": "https://example.com/profile.jpg",
  "identificationType": "cnic",
  "identificationNumber": "12345-6789012-3",
  "cuisine_type": "Italian",
  "delivery_radius": 5,
  "opening_hours": {
    "monday": {
      "open": "09:00",
      "close": "22:00"
    },
    "tuesday": {
      "open": "09:00",
      "close": "22:00"
    },
    "wednesday": {
      "open": "09:00",
      "close": "22:00"
    },
    "thursday": {
      "open": "09:00",
      "close": "22:00"
    },
    "friday": {
      "open": "09:00",
      "close": "23:00"
    },
    "saturday": {
      "open": "10:00",
      "close": "23:00"
    },
    "sunday": {
      "open": "10:00",
      "close": "22:00"
    }
  },
  "location": {
    "coordinates": {
      "latitude": 33.6844,
      "longitude": 73.0479
    },
    "address": "Test Address",
    "landmark": "Near Test Landmark"
  }
}
[2025-06-27T16:32:54.080Z] Registration response:
{
  "success": true,
  "data": {
    "message": "Registration successful",
    "access_token": "eyJhbGciOiJIUzI1NiIsInR5cCI6IkpXVCJ9.eyJzdWIiOiI2ODVlYzdiNTJkMTAxZjM0MzU0ZTIzMGYiLCJlbWFpbCI6ImZwXzE3NTEwNDE5NzI3ODlAdGVzdC5jb20iLCJyb2xlIjoiZm9vZF9wcm92aWRlciIsIm5hbWUiOiJUZXN0IEZvb2QgUHJvdmlkZXIiLCJpYXQiOjE3NTEwNDE5NzQsImV4cCI6MTc1MTY0Njc3NH0.-FM8Fk6LdONvwsfGQQryZYx_Gqw3TjTWTDMuHsYSck8",
    "user": {
      "id": "685ec7b52d101f34354e230f",
      "name": "Test Food Provider",
      "email": "fp_1751041972789@test.com",
      "role": "food_provider",
      "phone": "U2FsdGVkX1+2XddesA3uzh4R96TIsGGXrBedjUVNUY8=",
      "countryCode": "+92",
      "gender": "male",
      "profileImage": "https://example.com/profile.jpg",
      "identificationType": "cnic",
      "identificationNumber": "12345-6789012-3",
      "isEmailVerified": true
    }
  },
  "status": 201
}
[2025-06-27T16:32:54.080Z] Ô£à Food Provider Registration: PASSED
{
  "message": "Registration successful",
  "access_token": "eyJhbGciOiJIUzI1NiIsInR5cCI6IkpXVCJ9.eyJzdWIiOiI2ODVlYzdiNTJkMTAxZjM0MzU0ZTIzMGYiLCJlbWFpbCI6ImZwXzE3NTEwNDE5NzI3ODlAdGVzdC5jb20iLCJyb2xlIjoiZm9vZF9wcm92aWRlciIsIm5hbWUiOiJUZXN0IEZvb2QgUHJvdmlkZXIiLCJpYXQiOjE3NTEwNDE5NzQsImV4cCI6MTc1MTY0Njc3NH0.-FM8Fk6LdONvwsfGQQryZYx_Gqw3TjTWTDMuHsYSck8",
  "user": {
    "id": "685ec7b52d101f34354e230f",
    "name": "Test Food Provider",
    "email": "fp_1751041972789@test.com",
    "role": "food_provider",
    "phone": "U2FsdGVkX1+2XddesA3uzh4R96TIsGGXrBedjUVNUY8=",
    "countryCode": "+92",
    "gender": "male",
    "profileImage": "https://example.com/profile.jpg",
    "identificationType": "cnic",
    "identificationNumber": "12345-6789012-3",
    "isEmailVerified": true
  }
}
[2025-06-27T16:32:54.080Z] foodProviderId set to:
"685ec7b52d101f34354e230f"
Ô£à Food Provider Registration: PASSED

­ƒôï Running: Food Provider Login
[2025-06-27T16:32:54.081Z] ­ƒº¬ Testing Food Provider Login
[2025-06-27T16:32:54.081Z] Login data:
{
  "email": "fp_1751041972789@test.com",
  "password": "TestPassword123!"
}
[2025-06-27T16:32:55.453Z] Login response:
{
  "success": true,
  "data": {
    "message": "Login successful",
    "access_token": "eyJhbGciOiJIUzI1NiIsInR5cCI6IkpXVCJ9.eyJzdWIiOiI2ODVlYzdiNTJkMTAxZjM0MzU0ZTIzMGYiLCJlbWFpbCI6ImZwXzE3NTEwNDE5NzI3ODlAdGVzdC5jb20iLCJyb2xlIjoiZm9vZF9wcm92aWRlciIsIm5hbWUiOiJUZXN0IEZvb2QgUHJvdmlkZXIiLCJpYXQiOjE3NTEwNDE5NzUsImV4cCI6MTc1MTY0Njc3NX0.VgWhlCdEJN25wMki-yQk91u78ArC0cmbBjyeeikFl-c",
    "user": {
      "id": "685ec7b52d101f34354e230f",
      "name": "Test Food Provider",
      "email": "fp_1751041972789@test.com",
      "role": "food_provider",
      "phone": "+1234567890",
      "countryCode": "+92",
      "gender": "male",
      "profileImage": "https://example.com/profile.jpg",
      "identificationType": "cnic",
      "identificationNumber": "12345-6789012-3"
    }
  },
  "status": 200
}
[2025-06-27T16:32:55.453Z] ÔØî Food Provider Login: FAILED
[2025-06-27T16:32:55.453Z] Full error response:
"{\n  \"success\": true,\n  \"data\": {\n    \"message\": \"Login successful\",\n    \"access_token\": \"eyJhbGciOiJIUzI1NiIsInR5cCI6IkpXVCJ9.eyJzdWIiOiI2ODVlYzdiNTJkMTAxZjM0MzU0ZTIzMGYiLCJlbWFpbCI6ImZwXzE3NTEwNDE5NzI3ODlAdGVzdC5jb20iLCJyb2xlIjoiZm9vZF9wcm92aWRlciIsIm5hbWUiOiJUZXN0IEZvb2QgUHJvdmlkZXIiLCJpYXQiOjE3NTEwNDE5NzUsImV4cCI6MTc1MTY0Njc3NX0.VgWhlCdEJN25wMki-yQk91u78ArC0cmbBjyeeikFl-c\",\n    \"user\": {\n      \"id\": \"685ec7b52d101f34354e230f\",\n      \"name\": \"Test Food Provider\",\n      \"email\": \"fp_1751041972789@test.com\",\n      \"role\": \"food_provider\",\n      \"phone\": \"+1234567890\",\n      \"countryCode\": \"+92\",\n      \"gender\": \"male\",\n      \"profileImage\": \"https://example.com/profile.jpg\",\n      \"identificationType\": \"cnic\",\n      \"identificationNumber\": \"12345-6789012-3\"\n    }\n  },\n  \"status\": 200\n}"
ÔØî Food Provider Login: FAILED

­ƒôï Running: Create Food Provider Entity
[2025-06-27T16:32:55.454Z] ­ƒº¬ Testing Create Food Provider Entity
[2025-06-27T16:32:55.454Z] Using authToken:
[2025-06-27T16:32:56.269Z] Using city ID:
"683700350f8a15197d2abf4f"
[2025-06-27T16:32:56.269Z] Food provider data:
{
  "name": "Test Food Provider Business",
  "description": "A test food provider business for testing purposes",
  "location": "683700350f8a15197d2abf4f",
  "cuisine_type": "Italian",
  "operating_hours": {
    "open": "09:00",
    "close": "22:00"
  },
  "contact_info": {
    "phone": "+1234567890",
    "email": "fp_1751041972789@test.com"
  },
  "is_active": true
}
[2025-06-27T16:32:56.278Z] Create Food Provider Response:
{
  "success": false,
  "error": {
    "message": "Unauthorized",
    "statusCode": 401
  },
  "status": 401
}
[2025-06-27T16:32:56.278Z] ÔØî Create Food Provider Entity: FAILED
{
  "message": "Unauthorized",
  "statusCode": 401
}
ÔØî Create Food Provider Entity: FAILED

­ƒôï Running: Token Verification
[2025-06-27T16:32:56.278Z] ­ƒº¬ Testing Token Verification
[2025-06-27T16:32:56.278Z] ÔØî No auth token available
[2025-06-27T16:32:56.278Z] ÔØî Token Verification: FAILED - attempting refresh
[2025-06-27T16:32:56.278Z] ­ƒöä Attempting to refresh token...
[2025-06-27T16:32:57.171Z] ÔØî Failed to refresh token:
[2025-06-27T16:32:57.171Z] ÔØî Token Refresh: FAILED
ÔØî Token Verification: FAILED

­ƒôï Running: Approve Food Provider (Admin)
[2025-06-27T16:32:57.172Z] ­ƒº¬ Approving Food Provider (Admin)
[2025-06-27T16:32:57.172Z] Current foodProviderId:
"685ec7b52d101f34354e230f"
[2025-06-27T16:32:57.172Z] Current authToken:
[2025-06-27T16:32:57.172Z] ÔØî No admin token set in ADMIN_TOKEN env variable. Skipping approval.
ÔØî Approve Food Provider (Admin): FAILED

­ƒôï Running: Get Food Provider Profile
[2025-06-27T16:32:57.172Z] ­ƒº¬ Testing Get Food Provider Profile
[2025-06-27T16:32:57.173Z] Using foodProviderId:
"685ec7b52d101f34354e230f"
[2025-06-27T16:32:57.173Z] Using authToken:
[2025-06-27T16:32:57.177Z] ÔØî Get Food Provider Profile: FAILED
{
  "message": "Unauthorized",
  "statusCode": 401
}
ÔØî Get Food Provider Profile: FAILED

­ƒôï Running: Update Food Provider Profile
[2025-06-27T16:32:57.182Z] ­ƒº¬ Testing Update Food Provider Profile
[2025-06-27T16:32:57.182Z] Using foodProviderId:
"685ec7b52d101f34354e230f"
[2025-06-27T16:32:57.190Z] ÔØî Update Food Provider Profile: FAILED
{
  "message": "Unauthorized",
  "statusCode": 401
}
ÔØî Update Food Provider Profile: FAILED

­ƒôï Running: Create Menu Item
[2025-06-27T16:32:57.190Z] ­ƒº¬ Testing Create Menu Item
[2025-06-27T16:32:57.190Z] Using foodProviderId:
"685ec7b52d101f34354e230f"
[2025-06-27T16:32:57.190Z] Using authToken:
[2025-06-27T16:32:57.190Z] Menu item data:
{
  "name": "Test Menu Item",
  "price": 100,
  "description": "Test item description",
  "category": "Main Course",
  "preparation_time": 20,
  "is_available": true,
  "dietary_info": {
    "is_vegetarian": false,
    "is_vegan": false,
    "is_gluten_free": false,
    "allergens": [
      "nuts"
    ]
  }
}
[2025-06-27T16:32:57.196Z] Menu Item Creation Response:
{
  "success": false,
  "error": {
    "message": "Unauthorized",
    "statusCode": 401
  },
  "status": 401
}
[2025-06-27T16:32:57.196Z] ÔØî Create Menu Item: FAILED
{
  "message": "Unauthorized",
  "statusCode": 401
}
ÔØî Create Menu Item: FAILED

­ƒôï Running: Get All Menu Items
[2025-06-27T16:32:57.197Z] ­ƒº¬ Testing Get All Menu Items
[2025-06-27T16:32:57.197Z] Using foodProviderId:
"685ec7b52d101f34354e230f"
[2025-06-27T16:32:57.201Z] ÔØî Get All Menu Items: FAILED
{
  "message": "Unauthorized",
  "statusCode": 401
}
ÔØî Get All Menu Items: FAILED

­ƒôï Running: Get Menu Item by ID
[2025-06-27T16:32:57.202Z] ­ƒº¬ Testing Get Menu Item by ID
[2025-06-27T16:32:57.202Z] Using menuItemId:
[2025-06-27T16:33:01.348Z] Ô£à Get Menu Item by ID: PASSED
[
  {
    "isActive": true,
    "approvalStatus": "pending",
    "_id": "685aede65616ffa3d8aec5bd",
    "name": "Fries Special",
    "description": "Delicious fries prepared with authentic spices and fresh ingredients",
    "price": 228,
    "category": "Main Course",
    "image": "https://picsum.photos/400/300?random=8438",
    "isVegetarian": false,
    "isSpicy": false,
    "ingredients": [
      "Fresh ingredients",
      "Authentic spices",
      "Premium quality"
    ],
    "preparationTime": 15,
    "isAvailable": true,
    "nutritionalInfo": {
      "calories": 250,
      "protein": 15,
      "carbs": 30,
      "fat": 10
    },
    "provider": null,
    "tags": [
      "Fast Food",
      "fresh",
      "authentic"
    ],
    "rating": {
      "average": 3.6,
      "count": 17
    },
    "__v": 0,
    "createdAt": "2025-06-24T18:26:46.853Z",
    "updatedAt": "2025-06-24T18:26:46.853Z"
  },
  {
    "isActive": true,
    "approvalStatus": "pending",
    "_id": "685aede65616ffa3d8aec5bf",
    "name": "Coffee Special",
    "description": "Delicious coffee prepared with authentic spices and fresh ingredients",
    "price": 573,
    "category": "Beverages",
    "image": "https://picsum.photos/400/300?random=7964",
    "isVegetarian": true,
    "isSpicy": true,
    "ingredients": [
      "Fresh ingredients",
      "Authentic spices",
      "Premium quality"
    ],
    "preparationTime": 21,
    "isAvailable": true,
    "nutritionalInfo": {
      "calories": 250,
      "protein": 15,
      "carbs": 30,
      "fat": 10
    },
    "provider": null,
    "tags": [
      "Beverages",
      "fresh",
      "authentic"
    ],
    "rating": {
      "average": 4.2,
      "count": 37
    },
    "__v": 0,
    "createdAt": "2025-06-24T18:26:46.853Z",
    "updatedAt": "2025-06-24T18:26:46.853Z"
  },
  {
    "isActive": true,
    "approvalStatus": "pending",
    "_id": "685aede65616ffa3d8aec5c0",
    "name": "Tea Special",
    "description": "Delicious tea prepared with authentic spices and fresh ingredients",
    "price": 313,
    "category": "Beverages",
    "image": "https://picsum.photos/400/300?random=7955",
    "isVegetarian": false,
    "isSpicy": false,
    "ingredients": [
      "Fresh ingredients",
      "Authentic spices",
      "Premium quality"
    ],
    "preparationTime": 29,
    "isAvailable": true,
    "nutritionalInfo": {
      "calories": 250,
      "protein": 15,
      "carbs": 30,
      "fat": 10
    },
    "provider": null,
    "tags": [
      "Beverages",
      "fresh",
      "authentic"
    ],
    "rating": {
      "average": 3.9,
      "count": 47
    },
    "__v": 0,
    "createdAt": "2025-06-24T18:26:46.853Z",
    "updatedAt": "2025-06-24T18:26:46.853Z"
  },
  {
    "isActive": true,
    "approvalStatus": "pending",
    "_id": "685aede65616ffa3d8aec5c1",
    "name": "Milkshake Special",
    "description": "Delicious milkshake prepared with authentic spices and fresh ingredients",
    "price": 767,
    "category": "Beverages",
    "image": "https://picsum.photos/400/300?random=9864",
    "isVegetarian": true,
    "isSpicy": false,
    "ingredients": [
      "Fresh ingredients",
      "Authentic spices",
      "Premium quality"
    ],
    "preparationTime": 16,
    "isAvailable": true,
    "nutritionalInfo": {
      "calories": 250,
      "protein": 15,
      "carbs": 30,
      "fat": 10
    },
    "provider": null,
    "tags": [
      "Beverages",
      "fresh",
      "authentic"
    ],
    "rating": {
      "average": 3.9,
      "count": 12
    },
    "__v": 0,
    "createdAt": "2025-06-24T18:26:46.853Z",
    "updatedAt": "2025-06-24T18:26:46.853Z"
  },
  {
    "isActive": true,
    "approvalStatus": "pending",
    "_id": "685aede65616ffa3d8aec5c2",
    "name": "Smoothie Special",
    "description": "Delicious smoothie prepared with authentic spices and fresh ingredients",
    "price": 689,
    "category": "Beverages",
    "image": "https://picsum.photos/400/300?random=9809",
    "isVegetarian": false,
    "isSpicy": true,
    "ingredients": [
      "Fresh ingredients",
      "Authentic spices",
      "Premium quality"
    ],
    "preparationTime": 28,
    "isAvailable": true,
    "nutritionalInfo": {
      "calories": 250,
      "protein": 15,
      "carbs": 30,
      "fat": 10
    },
    "provider": null,
    "tags": [
      "Beverages",
      "fresh",
      "authentic"
    ],
    "rating": {
      "average": 3.9,
      "count": 17
    },
    "__v": 0,
    "createdAt": "2025-06-24T18:26:46.853Z",
    "updatedAt": "2025-06-24T18:26:46.853Z"
  },
  {
    "isActive": true,
    "approvalStatus": "pending",
    "_id": "685aede65616ffa3d8aec5c3",
    "name": "Milkshake Special",
    "description": "Delicious milkshake prepared with authentic spices and fresh ingredients",
    "price": 897,
    "category": "Beverages",
    "image": "https://picsum.photos/400/300?random=7305",
    "isVegetarian": false,
    "isSpicy": true,
    "ingredients": [
      "Fresh ingredients",
      "Authentic spices",
      "Premium quality"
    ],
    "preparationTime": 25,
    "isAvailable": true,
    "nutritionalInfo": {
      "calories": 250,
      "protein": 15,
      "carbs": 30,
      "fat": 10
    },
    "provider": null,
    "tags": [
      "Beverages",
      "fresh",
      "authentic"
    ],
    "rating": {
      "average": 4,
      "count": 12
    },
    "__v": 0,
    "createdAt": "2025-06-24T18:26:46.853Z",
    "updatedAt": "2025-06-24T18:26:46.853Z"
  },
  {
    "isActive": true,
    "approvalStatus": "pending",
    "_id": "685aede65616ffa3d8aec5c4",
    "name": "Juice Special",
    "description": "Delicious juice prepared with authentic spices and fresh ingredients",
    "price": 419,
    "category": "Beverages",
    "image": "https://picsum.photos/400/300?random=4272",
    "isVegetarian": false,
    "isSpicy": true,
    "ingredients": [
      "Fresh ingredients",
      "Authentic spices",
      "Premium quality"
    ],
    "preparationTime": 26,
    "isAvailable": true,
    "nutritionalInfo": {
      "calories": 250,
      "protein": 15,
      "carbs": 30,
      "fat": 10
    },
    "provider": null,
    "tags": [
      "Beverages",
      "fresh",
      "authentic"
    ],
    "rating": {
      "average": 3.7,
      "count": 7
    },
    "__v": 0,
    "createdAt": "2025-06-24T18:26:46.853Z",
    "updatedAt": "2025-06-24T18:26:46.853Z"
  },
  {
    "isActive": true,
    "approvalStatus": "pending",
    "_id": "685aede65616ffa3d8aec5c5",
    "name": "Juice Special",
    "description": "Delicious juice prepared with authentic spices and fresh ingredients",
    "price": 363,
    "category": "Beverages",
    "image": "https://picsum.photos/400/300?random=1811",
    "isVegetarian": true,
    "isSpicy": true,
    "ingredients": [
      "Fresh ingredients",
      "Authentic spices",
      "Premium quality"
    ],
    "preparationTime": 11,
    "isAvailable": true,
    "nutritionalInfo": {
      "calories": 250,
      "protein": 15,
      "carbs": 30,
      "fat": 10
    },
    "provider": null,
    "tags": [
      "Beverages",
      "fresh",
      "authentic"
    ],
    "rating": {
      "average": 4.8,
      "count": 29
    },
    "__v": 0,
    "createdAt": "2025-06-24T18:26:46.853Z",
    "updatedAt": "2025-06-24T18:26:46.853Z"
  },
  {
    "isActive": true,
    "approvalStatus": "pending",
    "_id": "685aede65616ffa3d8aec5c6",
    "name": "Coffee Special",
    "description": "Delicious coffee prepared with authentic spices and fresh ingredients",
    "price": 960,
    "category": "Beverages",
    "image": "https://picsum.photos/400/300?random=7248",
    "isVegetarian": false,
    "isSpicy": true,
    "ingredients": [
      "Fresh ingredients",
      "Authentic spices",
      "Premium quality"
    ],
    "preparationTime": 16,
    "isAvailable": true,
    "nutritionalInfo": {
      "calories": 250,
      "protein": 15,
      "carbs": 30,
      "fat": 10
    },
    "provider": null,
    "tags": [
      "Beverages",
      "fresh",
      "authentic"
    ],
    "rating": {
      "average": 4.8,
      "count": 43
    },
    "__v": 0,
    "createdAt": "2025-06-24T18:26:46.853Z",
    "updatedAt": "2025-06-24T18:26:46.853Z"
  },
  {
    "isActive": true,
    "approvalStatus": "pending",
    "_id": "685aede65616ffa3d8aec5c7",
    "name": "Coffee Special",
    "description": "Delicious coffee prepared with authentic spices and fresh ingredients",
    "price": 930,
    "category": "Beverages",
    "image": "https://picsum.photos/400/300?random=6883",
    "isVegetarian": false,
    "isSpicy": false,
    "ingredients": [
      "Fresh ingredients",
      "Authentic spices",
      "Premium quality"
    ],
    "preparationTime": 17,
    "isAvailable": true,
    "nutritionalInfo": {
      "calories": 250,
      "protein": 15,
      "carbs": 30,
      "fat": 10
    },
    "provider": null,
    "tags": [
      "Beverages",
      "fresh",
      "authentic"
    ],
    "rating": {
      "average": 4.7,
      "count": 33
    },
    "__v": 0,
    "createdAt": "2025-06-24T18:26:46.853Z",
    "updatedAt": "2025-06-24T18:26:46.853Z"
  },
  {
    "isActive": true,
    "approvalStatus": "pending",
    "_id": "685aede65616ffa3d8aec5c8",
    "name": "Milkshake Special",
    "description": "Delicious milkshake prepared with authentic spices and fresh ingredients",
    "price": 719,
    "category": "Beverages",
    "image": "https://picsum.photos/400/300?random=3363",
    "isVegetarian": true,
    "isSpicy": false,
    "ingredients": [
      "Fresh ingredients",
      "Authentic spices",
      "Premium quality"
    ],
    "preparationTime": 13,
    "isAvailable": true,
    "nutritionalInfo": {
      "calories": 250,
      "protein": 15,
      "carbs": 30,
      "fat": 10
    },
    "provider": null,
    "tags": [
      "Beverages",
      "fresh",
      "authentic"
    ],
    "rating": {
      "average": 4.1,
      "count": 15
    },
    "__v": 0,
    "createdAt": "2025-06-24T18:26:46.853Z",
    "updatedAt": "2025-06-24T18:26:46.853Z"
  },
  {
    "isActive": true,
    "approvalStatus": "pending",
    "_id": "685aede65616ffa3d8aec5c9",
    "name": "Juice Special",
    "description": "Delicious juice prepared with authentic spices and fresh ingredients",
    "price": 671,
    "category": "Beverages",
    "image": "https://picsum.photos/400/300?random=1400",
    "isVegetarian": true,
    "isSpicy": true,
    "ingredients": [
      "Fresh ingredients",
      "Authentic spices",
      "Premium quality"
    ],
    "preparationTime": 12,
    "isAvailable": true,
    "nutritionalInfo": {
      "calories": 250,
      "protein": 15,
      "carbs": 30,
      "fat": 10
    },
    "provider": null,
    "tags": [
      "Beverages",
      "fresh",
      "authentic"
    ],
    "rating": {
      "average": 3.8,
      "count": 15
    },
    "__v": 0,
    "createdAt": "2025-06-24T18:26:46.853Z",
    "updatedAt": "2025-06-24T18:26:46.853Z"
  },
  {
    "isActive": true,
    "approvalStatus": "pending",
    "_id": "685aede65616ffa3d8aec5ca",
    "name": "Tea Special",
    "description": "Delicious tea prepared with authentic spices and fresh ingredients",
    "price": 345,
    "category": "Beverages",
    "image": "https://picsum.photos/400/300?random=745",
    "isVegetarian": false,
    "isSpicy": true,
    "ingredients": [
      "Fresh ingredients",
      "Authentic spices",
      "Premium quality"
    ],
    "preparationTime": 12,
    "isAvailable": true,
    "nutritionalInfo": {
      "calories": 250,
      "protein": 15,
      "carbs": 30,
      "fat": 10
    },
    "provider": null,
    "tags": [
      "Beverages",
      "fresh",
      "authentic"
    ],
    "rating": {
      "average": 4.2,
      "count": 46
    },
    "__v": 0,
    "createdAt": "2025-06-24T18:26:46.853Z",
    "updatedAt": "2025-06-24T18:26:46.853Z"
  },
  {
    "isActive": true,
    "approvalStatus": "pending",
    "_id": "685aede65616ffa3d8aec5cb",
    "name": "Tea Special",
    "description": "Delicious tea prepared with authentic spices and fresh ingredients",
    "price": 429,
    "category": "Beverages",
    "image": "https://picsum.photos/400/300?random=8500",
    "isVegetarian": false,
    "isSpicy": true,
    "ingredients": [
      "Fresh ingredients",
      "Authentic spices",
      "Premium quality"
    ],
    "preparationTime": 13,
    "isAvailable": true,
    "nutritionalInfo": {
      "calories": 250,
      "protein": 15,
      "carbs": 30,
      "fat": 10
    },
    "provider": null,
    "tags": [
      "Beverages",
      "fresh",
      "authentic"
    ],
    "rating": {
      "average": 4,
      "count": 51
    },
    "__v": 0,
    "createdAt": "2025-06-24T18:26:46.853Z",
    "updatedAt": "2025-06-24T18:26:46.853Z"
  },
  {
    "isActive": true,
    "approvalStatus": "pending",
    "_id": "685aede65616ffa3d8aec5cc",
    "name": "Milkshake Special",
    "description": "Delicious milkshake prepared with authentic spices and fresh ingredients",
    "price": 518,
    "category": "Beverages",
    "image": "https://picsum.photos/400/300?random=5224",
    "isVegetarian": false,
    "isSpicy": false,
    "ingredients": [
      "Fresh ingredients",
      "Authentic spices",
      "Premium quality"
    ],
    "preparationTime": 18,
    "isAvailable": true,
    "nutritionalInfo": {
      "calories": 250,
      "protein": 15,
      "carbs": 30,
      "fat": 10
    },
    "provider": null,
    "tags": [
      "Beverages",
      "fresh",
      "authentic"
    ],
    "rating": {
      "average": 4.1,
      "count": 40
    },
    "__v": 0,
    "createdAt": "2025-06-24T18:26:46.853Z",
    "updatedAt": "2025-06-24T18:26:46.853Z"
  },
  {
    "isActive": true,
    "approvalStatus": "pending",
    "_id": "685aede65616ffa3d8aec5cd",
    "name": "Smoothie Special",
    "description": "Delicious smoothie prepared with authentic spices and fresh ingredients",
    "price": 646,
    "category": "Beverages",
    "image": "https://picsum.photos/400/300?random=4274",
    "isVegetarian": true,
    "isSpicy": true,
    "ingredients": [
      "Fresh ingredients",
      "Authentic spices",
      "Premium quality"
    ],
    "preparationTime": 10,
    "isAvailable": true,
    "nutritionalInfo": {
      "calories": 250,
      "protein": 15,
      "carbs": 30,
      "fat": 10
    },
    "provider": null,
    "tags": [
      "Beverages",
      "fresh",
      "authentic"
    ],
    "rating": {
      "average": 4.3,
      "count": 41
    },
    "__v": 0,
    "createdAt": "2025-06-24T18:26:46.854Z",
    "updatedAt": "2025-06-24T18:26:46.854Z"
  },
  {
    "isActive": true,
    "approvalStatus": "pending",
    "_id": "685aede65616ffa3d8aec5ce",
    "name": "Milkshake Special",
    "description": "Delicious milkshake prepared with authentic spices and fresh ingredients",
    "price": 300,
    "category": "Beverages",
    "image": "https://picsum.photos/400/300?random=6803",
    "isVegetarian": false,
    "isSpicy": true,
    "ingredients": [
      "Fresh ingredients",
      "Authentic spices",
      "Premium quality"
    ],
    "preparationTime": 19,
    "isAvailable": true,
    "nutritionalInfo": {
      "calories": 250,
      "protein": 15,
      "carbs": 30,
      "fat": 10
    },
    "provider": null,
    "tags": [
      "Beverages",
      "fresh",
      "authentic"
    ],
    "rating": {
      "average": 3.3,
      "count": 26
    },
    "__v": 0,
    "createdAt": "2025-06-24T18:26:46.854Z",
    "updatedAt": "2025-06-24T18:26:46.854Z"
  },
  {
    "isActive": true,
    "approvalStatus": "pending",
    "_id": "685aede65616ffa3d8aec5cf",
    "name": "Juice Special",
    "description": "Delicious juice prepared with authentic spices and fresh ingredients",
    "price": 815,
    "category": "Beverages",
    "image": "https://picsum.photos/400/300?random=6839",
    "isVegetarian": false,
    "isSpicy": false,
    "ingredients": [
      "Fresh ingredients",
      "Authentic spices",
      "Premium quality"
    ],
    "preparationTime": 19,
    "isAvailable": true,
    "nutritionalInfo": {
      "calories": 250,
      "protein": 15,
      "carbs": 30,
      "fat": 10
    },
    "provider": null,
    "tags": [
      "Beverages",
      "fresh",
      "authentic"
    ],
    "rating": {
      "average": 3.8,
      "count": 52
    },
    "__v": 0,
    "createdAt": "2025-06-24T18:26:46.854Z",
    "updatedAt": "2025-06-24T18:26:46.854Z"
  },
  {
    "isActive": true,
    "approvalStatus": "pending",
    "_id": "685aede65616ffa3d8aec5d0",
    "name": "Juice Special",
    "description": "Delicious juice prepared with authentic spices and fresh ingredients",
    "price": 824,
    "category": "Beverages",
    "image": "https://picsum.photos/400/300?random=6353",
    "isVegetarian": false,
    "isSpicy": false,
    "ingredients": [
      "Fresh ingredients",
      "Authentic spices",
      "Premium quality"
    ],
    "preparationTime": 13,
    "isAvailable": true,
    "nutritionalInfo": {
      "calories": 250,
      "protein": 15,
      "carbs": 30,
      "fat": 10
    },
    "provider": null,
    "tags": [
      "Beverages",
      "fresh",
      "authentic"
    ],
    "rating": {
      "average": 4,
      "count": 12
    },
    "__v": 0,
    "createdAt": "2025-06-24T18:26:46.854Z",
    "updatedAt": "2025-06-24T18:26:46.854Z"
  },
  {
    "isActive": true,
    "approvalStatus": "pending",
    "_id": "685aede65616ffa3d8aec5d1",
    "name": "Smoothie Special",
    "description": "Delicious smoothie prepared with authentic spices and fresh ingredients",
    "price": 944,
    "category": "Beverages",
    "image": "https://picsum.photos/400/300?random=8443",
    "isVegetarian": false,
    "isSpicy": false,
    "ingredients": [
      "Fresh ingredients",
      "Authentic spices",
      "Premium quality"
    ],
    "preparationTime": 29,
    "isAvailable": true,
    "nutritionalInfo": {
      "calories": 250,
      "protein": 15,
      "carbs": 30,
      "fat": 10
    },
    "provider": null,
    "tags": [
      "Beverages",
      "fresh",
      "authentic"
    ],
    "rating": {
      "average": 4.7,
      "count": 27
    },
    "__v": 0,
    "createdAt": "2025-06-24T18:26:46.854Z",
    "updatedAt": "2025-06-24T18:26:46.854Z"
  },
  {
    "isActive": true,
    "approvalStatus": "pending",
    "_id": "685aede65616ffa3d8aec5d2",
    "name": "Milkshake Special",
    "description": "Delicious milkshake prepared with authentic spices and fresh ingredients",
    "price": 562,
    "category": "Beverages",
    "image": "https://picsum.photos/400/300?random=850",
    "isVegetarian": true,
    "isSpicy": false,
    "ingredients": [
      "Fresh ingredients",
      "Authentic spices",
      "Premium quality"
    ],
    "preparationTime": 10,
    "isAvailable": true,
    "nutritionalInfo": {
      "calories": 250,
      "protein": 15,
      "carbs": 30,
      "fat": 10
    },
    "provider": null,
    "tags": [
      "Beverages",
      "fresh",
      "authentic"
    ],
    "rating": {
      "average": 4.1,
      "count": 18
    },
    "__v": 0,
    "createdAt": "2025-06-24T18:26:46.854Z",
    "updatedAt": "2025-06-24T18:26:46.854Z"
  },
  {
    "isActive": true,
    "approvalStatus": "pending",
    "_id": "685aede65616ffa3d8aec5d4",
    "name": "Noodles Special",
    "description": "Delicious noodles prepared with authentic spices and fresh ingredients",
    "price": 226,
    "category": "Main Course",
    "image": "https://picsum.photos/400/300?random=7681",
    "isVegetarian": false,
    "isSpicy": true,
    "ingredients": [
      "Fresh ingredients",
      "Authentic spices",
      "Premium quality"
    ],
    "preparationTime": 29,
    "isAvailable": true,
    "nutritionalInfo": {
      "calories": 250,
      "protein": 15,
      "carbs": 30,
      "fat": 10
    },
    "provider": null,
    "tags": [
      "Asian",
      "fresh",
      "authentic"
    ],
    "rating": {
      "average": 4.4,
      "count": 42
    },
    "__v": 0,
    "createdAt": "2025-06-24T18:26:46.854Z",
    "updatedAt": "2025-06-24T18:26:46.854Z"
  },
  {
    "isActive": true,
    "approvalStatus": "pending",
    "_id": "685aede65616ffa3d8aec5d5",
    "name": "Fried Rice Special",
    "description": "Delicious fried rice prepared with authentic spices and fresh ingredients",
    "price": 392,
    "category": "Main Course",
    "image": "https://picsum.photos/400/300?random=8193",
    "isVegetarian": true,
    "isSpicy": false,
    "ingredients": [
      "Fresh ingredients",
      "Authentic spices",
      "Premium quality"
    ],
    "preparationTime": 16,
    "isAvailable": true,
    "nutritionalInfo": {
      "calories": 250,
      "protein": 15,
      "carbs": 30,
      "fat": 10
    },
    "provider": null,
    "tags": [
      "Asian",
      "fresh",
      "authentic"
    ],
    "rating": {
      "average": 4.9,
      "count": 51
    },
    "__v": 0,
    "createdAt": "2025-06-24T18:26:46.854Z",
    "updatedAt": "2025-06-24T18:26:46.854Z"
  },
  {
    "isActive": true,
    "approvalStatus": "pending",
    "_id": "685aede65616ffa3d8aec5d8",
    "name": "Pizza Special",
    "description": "Delicious pizza prepared with authentic spices and fresh ingredients",
    "price": 364,
    "category": "Main Course",
    "image": "https://picsum.photos/400/300?random=867",
    "isVegetarian": true,
    "isSpicy": false,
    "ingredients": [
      "Fresh ingredients",
      "Authentic spices",
      "Premium quality"
    ],
    "preparationTime": 10,
    "isAvailable": true,
    "nutritionalInfo": {
      "calories": 250,
      "protein": 15,
      "carbs": 30,
      "fat": 10
    },
    "provider": null,
    "tags": [
      "Fast Food",
      "fresh",
      "authentic"
    ],
    "rating": {
      "average": 3.2,
      "count": 12
    },
    "__v": 0,
    "createdAt": "2025-06-24T18:26:46.854Z",
    "updatedAt": "2025-06-24T18:26:46.854Z"
  },
  {
    "isActive": true,
    "approvalStatus": "pending",
    "_id": "685aede65616ffa3d8aec5da",
    "name": "Sandwiches Special",
    "description": "Delicious sandwiches prepared with authentic spices and fresh ingredients",
    "price": 480,
    "category": "Main Course",
    "image": "https://picsum.photos/400/300?random=7858",
    "isVegetarian": true,
    "isSpicy": true,
    "ingredients": [
      "Fresh ingredients",
      "Authentic spices",
      "Premium quality"
    ],
    "preparationTime": 11,
    "isAvailable": true,
    "nutritionalInfo": {
      "calories": 250,
      "protein": 15,
      "carbs": 30,
      "fat": 10
    },
    "provider": null,
    "tags": [
      "Fast Food",
      "fresh",
      "authentic"
    ],
    "rating": {
      "average": 4.8,
      "count": 47
    },
    "__v": 0,
    "createdAt": "2025-06-24T18:26:46.854Z",
    "updatedAt": "2025-06-24T18:26:46.854Z"
  },
  {
    "isActive": true,
    "approvalStatus": "pending",
    "_id": "685aede65616ffa3d8aec5db",
    "name": "Fries Special",
    "description": "Delicious fries prepared with authentic spices and fresh ingredients",
    "price": 301,
    "category": "Main Course",
    "image": "https://picsum.photos/400/300?random=4010",
    "isVegetarian": false,
    "isSpicy": true,
    "ingredients": [
      "Fresh ingredients",
      "Authentic spices",
      "Premium quality"
    ],
    "preparationTime": 10,
    "isAvailable": true,
    "nutritionalInfo": {
      "calories": 250,
      "protein": 15,
      "carbs": 30,
      "fat": 10
    },
    "provider": null,
    "tags": [
      "Fast Food",
      "fresh",
      "authentic"
    ],
    "rating": {
      "average": 4.7,
      "count": 26
    },
    "__v": 0,
    "createdAt": "2025-06-24T18:26:46.854Z",
    "updatedAt": "2025-06-24T18:26:46.854Z"
  },
  {
    "isActive": true,
    "approvalStatus": "pending",
    "_id": "685aede65616ffa3d8aec5de",
    "name": "Burgers Special",
    "description": "Delicious burgers prepared with authentic spices and fresh ingredients",
    "price": 313,
    "category": "Main Course",
    "image": "https://picsum.photos/400/300?random=5674",
    "isVegetarian": false,
    "isSpicy": true,
    "ingredients": [
      "Fresh ingredients",
      "Authentic spices",
      "Premium quality"
    ],
    "preparationTime": 23,
    "isAvailable": true,
    "nutritionalInfo": {
      "calories": 250,
      "protein": 15,
      "carbs": 30,
      "fat": 10
    },
    "provider": null,
    "tags": [
      "Fast Food",
      "fresh",
      "authentic"
    ],
    "rating": {
      "average": 3.1,
      "count": 20
    },
    "__v": 0,
    "createdAt": "2025-06-24T18:26:46.854Z",
    "updatedAt": "2025-06-24T18:26:46.854Z"
  },
  {
    "isActive": true,
    "approvalStatus": "pending",
    "_id": "685aede65616ffa3d8aec5e2",
    "name": "Soup Special",
    "description": "Delicious soup prepared with authentic spices and fresh ingredients",
    "price": 343,
    "category": "Main Course",
    "image": "https://picsum.photos/400/300?random=3020",
    "isVegetarian": true,
    "isSpicy": false,
    "ingredients": [
      "Fresh ingredients",
      "Authentic spices",
      "Premium quality"
    ],
    "preparationTime": 13,
    "isAvailable": true,
    "nutritionalInfo": {
      "calories": 250,
      "protein": 15,
      "carbs": 30,
      "fat": 10
    },
    "provider": null,
    "tags": [
      "Cambodian",
      "fresh",
      "authentic"
    ],
    "rating": {
      "average": 3.2,
      "count": 24
    },
    "__v": 0,
    "createdAt": "2025-06-24T18:26:46.854Z",
    "updatedAt": "2025-06-24T18:26:46.854Z"
  },
  {
    "isActive": true,
    "approvalStatus": "pending",
    "_id": "685aede65616ffa3d8aec5e4",
    "name": "Vegetable Rice Special",
    "description": "Delicious vegetable rice prepared with authentic spices and fresh ingredients",
    "price": 220,
    "category": "Main Course",
    "image": "https://picsum.photos/400/300?random=6852",
    "isVegetarian": false,
    "isSpicy": true,
    "ingredients": [
      "Fresh ingredients",
      "Authentic spices",
      "Premium quality"
    ],
    "preparationTime": 13,
    "isAvailable": true,
    "nutritionalInfo": {
      "calories": 250,
      "protein": 15,
      "carbs": 30,
      "fat": 10
    },
    "provider": null,
    "tags": [
      "Cambodian",
      "fresh",
      "authentic"
    ],
    "rating": {
      "average": 3.7,
      "count": 53
    },
    "__v": 0,
    "createdAt": "2025-06-24T18:26:46.854Z",
    "updatedAt": "2025-06-24T18:26:46.854Z"
  },
  {
    "isActive": true,
    "approvalStatus": "pending",
    "_id": "685aede65616ffa3d8aec5e6",
    "name": "Noodles Special",
    "description": "Delicious noodles prepared with authentic spices and fresh ingredients",
    "price": 354,
    "category": "Main Course",
    "image": "https://picsum.photos/400/300?random=9158",
    "isVegetarian": false,
    "isSpicy": true,
    "ingredients": [
      "Fresh ingredients",
      "Authentic spices",
      "Premium quality"
    ],
    "preparationTime": 12,
    "isAvailable": true,
    "nutritionalInfo": {
      "calories": 250,
      "protein": 15,
      "carbs": 30,
      "fat": 10
    },
    "provider": null,
    "tags": [
      "Asian",
      "fresh",
      "authentic"
    ],
    "rating": {
      "average": 3.3,
      "count": 31
    },
    "__v": 0,
    "createdAt": "2025-06-24T18:26:46.854Z",
    "updatedAt": "2025-06-24T18:26:46.854Z"
  },
  {
    "isActive": true,
    "approvalStatus": "pending",
    "_id": "685aede65616ffa3d8aec5e9",
    "name": "Dumplings Special",
    "description": "Delicious dumplings prepared with authentic spices and fresh ingredients",
    "price": 228,
    "category": "Main Course",
    "image": "https://picsum.photos/400/300?random=8607",
    "isVegetarian": false,
    "isSpicy": false,
    "ingredients": [
      "Fresh ingredients",
      "Authentic spices",
      "Premium quality"
    ],
    "preparationTime": 16,
    "isAvailable": true,
    "nutritionalInfo": {
      "calories": 250,
      "protein": 15,
      "carbs": 30,
      "fat": 10
    },
    "provider": null,
    "tags": [
      "Asian",
      "fresh",
      "authentic"
    ],
    "rating": {
      "average": 4.1,
      "count": 42
    },
    "__v": 0,
    "createdAt": "2025-06-24T18:26:46.854Z",
    "updatedAt": "2025-06-24T18:26:46.854Z"
  },
  {
    "isActive": true,
    "approvalStatus": "pending",
    "_id": "685aede65616ffa3d8aec5ea",
    "name": "Fried Rice Special",
    "description": "Delicious fried rice prepared with authentic spices and fresh ingredients",
    "price": 305,
    "category": "Main Course",
    "image": "https://picsum.photos/400/300?random=9532",
    "isVegetarian": true,
    "isSpicy": false,
    "ingredients": [
      "Fresh ingredients",
      "Authentic spices",
      "Premium quality"
    ],
    "preparationTime": 29,
    "isAvailable": true,
    "nutritionalInfo": {
      "calories": 250,
      "protein": 15,
      "carbs": 30,
      "fat": 10
    },
    "provider": null,
    "tags": [
      "Asian",
      "fresh",
      "authentic"
    ],
    "rating": {
      "average": 3.1,
      "count": 31
    },
    "__v": 0,
    "createdAt": "2025-06-24T18:26:46.854Z",
    "updatedAt": "2025-06-24T18:26:46.854Z"
  },
  {
    "isActive": true,
    "approvalStatus": "pending",
    "_id": "685aede65616ffa3d8aec5eb",
    "name": "Sandwiches Special",
    "description": "Delicious sandwiches prepared with authentic spices and fresh ingredients",
    "price": 492,
    "category": "Main Course",
    "image": "https://picsum.photos/400/300?random=58",
    "isVegetarian": true,
    "isSpicy": true,
    "ingredients": [
      "Fresh ingredients",
      "Authentic spices",
      "Premium quality"
    ],
    "preparationTime": 13,
    "isAvailable": true,
    "nutritionalInfo": {
      "calories": 250,
      "protein": 15,
      "carbs": 30,
      "fat": 10
    },
    "provider": null,
    "tags": [
      "Fast Food",
      "fresh",
      "authentic"
    ],
    "rating": {
      "average": 3.4,
      "count": 26
    },
    "__v": 0,
    "createdAt": "2025-06-24T18:26:46.854Z",
    "updatedAt": "2025-06-24T18:26:46.854Z"
  },
  {
    "isActive": true,
    "approvalStatus": "pending",
    "_id": "685aede65616ffa3d8aec5ee",
    "name": "Burgers Special",
    "description": "Delicious burgers prepared with authentic spices and fresh ingredients",
    "price": 402,
    "category": "Main Course",
    "image": "https://picsum.photos/400/300?random=7208",
    "isVegetarian": false,
    "isSpicy": false,
    "ingredients": [
      "Fresh ingredients",
      "Authentic spices",
      "Premium quality"
    ],
    "preparationTime": 11,
    "isAvailable": true,
    "nutritionalInfo": {
      "calories": 250,
      "protein": 15,
      "carbs": 30,
      "fat": 10
    },
    "provider": null,
    "tags": [
      "Fast Food",
      "fresh",
      "authentic"
    ],
    "rating": {
      "average": 4.3,
      "count": 26
    },
    "__v": 0,
    "createdAt": "2025-06-24T18:26:46.854Z",
    "updatedAt": "2025-06-24T18:26:46.854Z"
  },
  {
    "isActive": true,
    "approvalStatus": "pending",
    "_id": "685aede65616ffa3d8aec5ef",
    "name": "Chicken Wings Special",
    "description": "Delicious chicken wings prepared with authentic spices and fresh ingredients",
    "price": 410,
    "category": "Main Course",
    "image": "https://picsum.photos/400/300?random=7170",
    "isVegetarian": true,
    "isSpicy": false,
    "ingredients": [
      "Fresh ingredients",
      "Authentic spices",
      "Premium quality"
    ],
    "preparationTime": 12,
    "isAvailable": true,
    "nutritionalInfo": {
      "calories": 250,
      "protein": 15,
      "carbs": 30,
      "fat": 10
    },
    "provider": null,
    "tags": [
      "Fast Food",
      "fresh",
      "authentic"
    ],
    "rating": {
      "average": 4.9,
      "count": 8
    },
    "__v": 0,
    "createdAt": "2025-06-24T18:26:46.854Z",
    "updatedAt": "2025-06-24T18:26:46.854Z"
  },
  {
    "isActive": true,
    "approvalStatus": "pending",
    "_id": "685aede65616ffa3d8aec5f0",
    "name": "Chicken Wings Special",
    "description": "Delicious chicken wings prepared with authentic spices and fresh ingredients",
    "price": 390,
    "category": "Main Course",
    "image": "https://picsum.photos/400/300?random=9957",
    "isVegetarian": false,
    "isSpicy": true,
    "ingredients": [
      "Fresh ingredients",
      "Authentic spices",
      "Premium quality"
    ],
    "preparationTime": 11,
    "isAvailable": true,
    "nutritionalInfo": {
      "calories": 250,
      "protein": 15,
      "carbs": 30,
      "fat": 10
    },
    "provider": null,
    "tags": [
      "Fast Food",
      "fresh",
      "authentic"
    ],
    "rating": {
      "average": 4.5,
      "count": 50
    },
    "__v": 0,
    "createdAt": "2025-06-24T18:26:46.854Z",
    "updatedAt": "2025-06-24T18:26:46.854Z"
  },
  {
    "isActive": true,
    "approvalStatus": "pending",
    "_id": "685aede65616ffa3d8aec5f1",
    "name": "Fried Rice Special",
    "description": "Delicious fried rice prepared with authentic spices and fresh ingredients",
    "price": 331,
    "category": "Main Course",
    "image": "https://picsum.photos/400/300?random=5372",
    "isVegetarian": true,
    "isSpicy": false,
    "ingredients": [
      "Fresh ingredients",
      "Authentic spices",
      "Premium quality"
    ],
    "preparationTime": 12,
    "isAvailable": true,
    "nutritionalInfo": {
      "calories": 250,
      "protein": 15,
      "carbs": 30,
      "fat": 10
    },
    "provider": null,
    "tags": [
      "Asian",
      "fresh",
      "authentic"
    ],
    "rating": {
      "average": 3.7,
      "count": 38
    },
    "__v": 0,
    "createdAt": "2025-06-24T18:26:46.854Z",
    "updatedAt": "2025-06-24T18:26:46.854Z"
  },
  {
    "isActive": true,
    "approvalStatus": "pending",
    "_id": "685aede65616ffa3d8aec5f5",
    "name": "Curry Special",
    "description": "Delicious curry prepared with authentic spices and fresh ingredients",
    "price": 428,
    "category": "Main Course",
    "image": "https://picsum.photos/400/300?random=4413",
    "isVegetarian": false,
    "isSpicy": false,
    "ingredients": [
      "Fresh ingredients",
      "Authentic spices",
      "Premium quality"
    ],
    "preparationTime": 24,
    "isAvailable": true,
    "nutritionalInfo": {
      "calories": 250,
      "protein": 15,
      "carbs": 30,
      "fat": 10
    },
    "provider": null,
    "tags": [
      "Asian",
      "fresh",
      "authentic"
    ],
    "rating": {
      "average": 4.6,
      "count": 28
    },
    "__v": 0,
    "createdAt": "2025-06-24T18:26:46.855Z",
    "updatedAt": "2025-06-24T18:26:46.855Z"
  },
  {
    "isActive": true,
    "approvalStatus": "pending",
    "_id": "685aede65616ffa3d8aec5f8",
    "name": "Fried Rice Special",
    "description": "Delicious fried rice prepared with authentic spices and fresh ingredients",
    "price": 259,
    "category": "Main Course",
    "image": "https://picsum.photos/400/300?random=4540",
    "isVegetarian": false,
    "isSpicy": true,
    "ingredients": [
      "Fresh ingredients",
      "Authentic spices",
      "Premium quality"
    ],
    "preparationTime": 11,
    "isAvailable": true,
    "nutritionalInfo": {
      "calories": 250,
      "protein": 15,
      "carbs": 30,
      "fat": 10
    },
    "provider": null,
    "tags": [
      "Asian",
      "fresh",
      "authentic"
    ],
    "rating": {
      "average": 4.9,
      "count": 5
    },
    "__v": 0,
    "createdAt": "2025-06-24T18:26:46.855Z",
    "updatedAt": "2025-06-24T18:26:46.855Z"
  },
  {
    "isActive": true,
    "approvalStatus": "pending",
    "_id": "685aede65616ffa3d8aec5f9",
    "name": "Fried Rice Special",
    "description": "Delicious fried rice prepared with authentic spices and fresh ingredients",
    "price": 366,
    "category": "Main Course",
    "image": "https://picsum.photos/400/300?random=1139",
    "isVegetarian": false,
    "isSpicy": false,
    "ingredients": [
      "Fresh ingredients",
      "Authentic spices",
      "Premium quality"
    ],
    "preparationTime": 13,
    "isAvailable": true,
    "nutritionalInfo": {
      "calories": 250,
      "protein": 15,
      "carbs": 30,
      "fat": 10
    },
    "provider": null,
    "tags": [
      "Asian",
      "fresh",
      "authentic"
    ],
    "rating": {
      "average": 3.1,
      "count": 54
    },
    "__v": 0,
    "createdAt": "2025-06-24T18:26:46.855Z",
    "updatedAt": "2025-06-24T18:26:46.855Z"
  },
  {
    "isActive": true,
    "approvalStatus": "pending",
    "_id": "685aede65616ffa3d8aec5fa",
    "name": "Noodles Special",
    "description": "Delicious noodles prepared with authentic spices and fresh ingredients",
    "price": 246,
    "category": "Main Course",
    "image": "https://picsum.photos/400/300?random=519",
    "isVegetarian": false,
    "isSpicy": false,
    "ingredients": [
      "Fresh ingredients",
      "Authentic spices",
      "Premium quality"
    ],
    "preparationTime": 19,
    "isAvailable": true,
    "nutritionalInfo": {
      "calories": 250,
      "protein": 15,
      "carbs": 30,
      "fat": 10
    },
    "provider": null,
    "tags": [
      "Asian",
      "fresh",
      "authentic"
    ],
    "rating": {
      "average": 3.6,
      "count": 53
    },
    "__v": 0,
    "createdAt": "2025-06-24T18:26:46.855Z",
    "updatedAt": "2025-06-24T18:26:46.855Z"
  },
  {
    "isActive": true,
    "approvalStatus": "pending",
    "_id": "685aede65616ffa3d8aec5fe",
    "name": "Salad Special",
    "description": "Delicious salad prepared with authentic spices and fresh ingredients",
    "price": 452,
    "category": "Main Course",
    "image": "https://picsum.photos/400/300?random=7342",
    "isVegetarian": false,
    "isSpicy": false,
    "ingredients": [
      "Fresh ingredients",
      "Authentic spices",
      "Premium quality"
    ],
    "preparationTime": 15,
    "isAvailable": true,
    "nutritionalInfo": {
      "calories": 250,
      "protein": 15,
      "carbs": 30,
      "fat": 10
    },
    "provider": null,
    "tags": [
      "Pizza",
      "fresh",
      "authentic"
    ],
    "rating": {
      "average": 3,
      "count": 5
    },
    "__v": 0,
    "createdAt": "2025-06-24T18:26:46.855Z",
    "updatedAt": "2025-06-24T18:26:46.855Z"
  },
  {
    "isActive": true,
    "approvalStatus": "pending",
    "_id": "685aede65616ffa3d8aec600",
    "name": "Soup Special",
    "description": "Delicious soup prepared with authentic spices and fresh ingredients",
    "price": 268,
    "category": "Main Course",
    "image": "https://picsum.photos/400/300?random=1210",
    "isVegetarian": false,
    "isSpicy": true,
    "ingredients": [
      "Fresh ingredients",
      "Authentic spices",
      "Premium quality"
    ],
    "preparationTime": 22,
    "isAvailable": true,
    "nutritionalInfo": {
      "calories": 250,
      "protein": 15,
      "carbs": 30,
      "fat": 10
    },
    "provider": null,
    "tags": [
      "Pizza",
      "fresh",
      "authentic"
    ],
    "rating": {
      "average": 4.4,
      "count": 37
    },
    "__v": 0,
    "createdAt": "2025-06-24T18:26:46.855Z",
    "updatedAt": "2025-06-24T18:26:46.855Z"
  },
  {
    "isActive": true,
    "approvalStatus": "pending",
    "_id": "685aede65616ffa3d8aec602",
    "name": "Chicken Wings Special",
    "description": "Delicious chicken wings prepared with authentic spices and fresh ingredients",
    "price": 420,
    "category": "Main Course",
    "image": "https://picsum.photos/400/300?random=2047",
    "isVegetarian": true,
    "isSpicy": true,
    "ingredients": [
      "Fresh ingredients",
      "Authentic spices",
      "Premium quality"
    ],
    "preparationTime": 23,
    "isAvailable": true,
    "nutritionalInfo": {
      "calories": 250,
      "protein": 15,
      "carbs": 30,
      "fat": 10
    },
    "provider": null,
    "tags": [
      "Fast Food",
      "fresh",
      "authentic"
    ],
    "rating": {
      "average": 3.2,
      "count": 35
    },
    "__v": 0,
    "createdAt": "2025-06-24T18:26:46.855Z",
    "updatedAt": "2025-06-24T18:26:46.855Z"
  },
  {
    "isActive": true,
    "approvalStatus": "pending",
    "_id": "685aede65616ffa3d8aec604",
    "name": "Fries Special",
    "description": "Delicious fries prepared with authentic spices and fresh ingredients",
    "price": 237,
    "category": "Main Course",
    "image": "https://picsum.photos/400/300?random=9824",
    "isVegetarian": false,
    "isSpicy": false,
    "ingredients": [
      "Fresh ingredients",
      "Authentic spices",
      "Premium quality"
    ],
    "preparationTime": 10,
    "isAvailable": true,
    "nutritionalInfo": {
      "calories": 250,
      "protein": 15,
      "carbs": 30,
      "fat": 10
    },
    "provider": null,
    "tags": [
      "Fast Food",
      "fresh",
      "authentic"
    ],
    "rating": {
      "average": 4.8,
      "count": 41
    },
    "__v": 0,
    "createdAt": "2025-06-24T18:26:46.855Z",
    "updatedAt": "2025-06-24T18:26:46.855Z"
  },
  {
    "isActive": true,
    "approvalStatus": "pending",
    "_id": "685aede65616ffa3d8aec605",
    "name": "Fries Special",
    "description": "Delicious fries prepared with authentic spices and fresh ingredients",
    "price": 296,
    "category": "Main Course",
    "image": "https://picsum.photos/400/300?random=9088",
    "isVegetarian": true,
    "isSpicy": false,
    "ingredients": [
      "Fresh ingredients",
      "Authentic spices",
      "Premium quality"
    ],
    "preparationTime": 23,
    "isAvailable": true,
    "nutritionalInfo": {
      "calories": 250,
      "protein": 15,
      "carbs": 30,
      "fat": 10
    },
    "provider": null,
    "tags": [
      "Fast Food",
      "fresh",
      "authentic"
    ],
    "rating": {
      "average": 3.8,
      "count": 24
    },
    "__v": 0,
    "createdAt": "2025-06-24T18:26:46.855Z",
    "updatedAt": "2025-06-24T18:26:46.855Z"
  },
  {
    "isActive": true,
    "approvalStatus": "pending",
    "_id": "685aede65616ffa3d8aec609",
    "name": "Juice Special",
    "description": "Delicious juice prepared with authentic spices and fresh ingredients",
    "price": 218,
    "category": "Beverages",
    "image": "https://picsum.photos/400/300?random=8907",
    "isVegetarian": false,
    "isSpicy": false,
    "ingredients": [
      "Fresh ingredients",
      "Authentic spices",
      "Premium quality"
    ],
    "preparationTime": 24,
    "isAvailable": true,
    "nutritionalInfo": {
      "calories": 250,
      "protein": 15,
      "carbs": 30,
      "fat": 10
    },
    "provider": null,
    "tags": [
      "Beverages",
      "fresh",
      "authentic"
    ],
    "rating": {
      "average": 3.2,
      "count": 46
    },
    "__v": 0,
    "createdAt": "2025-06-24T18:26:46.855Z",
    "updatedAt": "2025-06-24T18:26:46.855Z"
  },
  {
    "isActive": true,
    "approvalStatus": "pending",
    "_id": "685aede65616ffa3d8aec60a",
    "name": "Smoothie Special",
    "description": "Delicious smoothie prepared with authentic spices and fresh ingredients",
    "price": 207,
    "category": "Beverages",
    "image": "https://picsum.photos/400/300?random=457",
    "isVegetarian": false,
    "isSpicy": false,
    "ingredients": [
      "Fresh ingredients",
      "Authentic spices",
      "Premium quality"
    ],
    "preparationTime": 13,
    "isAvailable": true,
    "nutritionalInfo": {
      "calories": 250,
      "protein": 15,
      "carbs": 30,
      "fat": 10
    },
    "provider": null,
    "tags": [
      "Beverages",
      "fresh",
      "authentic"
    ],
    "rating": {
      "average": 4.2,
      "count": 50
    },
    "__v": 0,
    "createdAt": "2025-06-24T18:26:46.855Z",
    "updatedAt": "2025-06-24T18:26:46.855Z"
  },
  {
    "isActive": true,
    "approvalStatus": "pending",
    "_id": "685aede65616ffa3d8aec60b",
    "name": "Milkshake Special",
    "description": "Delicious milkshake prepared with authentic spices and fresh ingredients",
    "price": 857,
    "category": "Beverages",
    "image": "https://picsum.photos/400/300?random=3730",
    "isVegetarian": false,
    "isSpicy": true,
    "ingredients": [
      "Fresh ingredients",
      "Authentic spices",
      "Premium quality"
    ],
    "preparationTime": 27,
    "isAvailable": true,
    "nutritionalInfo": {
      "calories": 250,
      "protein": 15,
      "carbs": 30,
      "fat": 10
    },
    "provider": null,
    "tags": [
      "Beverages",
      "fresh",
      "authentic"
    ],
    "rating": {
      "average": 4.4,
      "count": 9
    },
    "__v": 0,
    "createdAt": "2025-06-24T18:26:46.855Z",
    "updatedAt": "2025-06-24T18:26:46.855Z"
  },
  {
    "isActive": true,
    "approvalStatus": "pending",
    "_id": "685aede65616ffa3d8aec60c",
    "name": "Milkshake Special",
    "description": "Delicious milkshake prepared with authentic spices and fresh ingredients",
    "price": 372,
    "category": "Beverages",
    "image": "https://picsum.photos/400/300?random=3547",
    "isVegetarian": false,
    "isSpicy": false,
    "ingredients": [
      "Fresh ingredients",
      "Authentic spices",
      "Premium quality"
    ],
    "preparationTime": 10,
    "isAvailable": true,
    "nutritionalInfo": {
      "calories": 250,
      "protein": 15,
      "carbs": 30,
      "fat": 10
    },
    "provider": null,
    "tags": [
      "Beverages",
      "fresh",
      "authentic"
    ],
    "rating": {
      "average": 3.4,
      "count": 28
    },
    "__v": 0,
    "createdAt": "2025-06-24T18:26:46.855Z",
    "updatedAt": "2025-06-24T18:26:46.855Z"
  }
]
Ô£à Get Menu Item by ID: PASSED

­ƒôï Running: Update Menu Item
[2025-06-27T16:33:01.422Z] ­ƒº¬ Testing Update Menu Item
[2025-06-27T16:33:01.423Z] Using foodProviderId:
"685ec7b52d101f34354e230f"
[2025-06-27T16:33:01.423Z] Using menuItemId:
[2025-06-27T16:33:01.423Z] ÔØî Update Menu Item: FAILED - menuItemId is empty
ÔØî Update Menu Item: FAILED

­ƒôï Running: Toggle Menu Item Availability
[2025-06-27T16:33:01.423Z] ­ƒº¬ Testing Toggle Menu Item Availability
[2025-06-27T16:33:01.423Z] Using foodProviderId:
"685ec7b52d101f34354e230f"
[2025-06-27T16:33:01.423Z] Using menuItemId:
[2025-06-27T16:33:01.423Z] ÔØî Toggle Menu Item Availability: FAILED - menuItemId is empty
ÔØî Toggle Menu Item Availability: FAILED

­ƒôï Running: Get Orders
[2025-06-27T16:33:01.423Z] ­ƒº¬ Testing Get Orders
[2025-06-27T16:33:01.423Z] Using foodProviderId:
"685ec7b52d101f34354e230f"
[2025-06-27T16:33:01.426Z] ÔØî Get Orders: FAILED
{
  "message": "Unauthorized",
  "statusCode": 401
}
ÔØî Get Orders: FAILED

­ƒôï Running: Update Order Status
[2025-06-27T16:33:01.427Z] ­ƒº¬ Testing Update Order Status
[2025-06-27T16:33:01.429Z] ÔÜá´©Å No orders found to update status - Creating a test order first
ÔØî Update Order Status: FAILED

­ƒôï Running: Get Order Analytics
[2025-06-27T16:33:01.429Z] ­ƒº¬ Testing Get Order Analytics
[2025-06-27T16:33:01.432Z] ÔØî Get Order Analytics: FAILED
{
  "message": "Unauthorized",
  "statusCode": 401
}
ÔØî Get Order Analytics: FAILED

­ƒôï Running: Get Revenue Analytics
[2025-06-27T16:33:01.432Z] ­ƒº¬ Testing Get Revenue Analytics
[2025-06-27T16:33:01.435Z] ÔØî Get Revenue Analytics: FAILED
{
  "message": "Unauthorized",
  "statusCode": 401
}
ÔØî Get Revenue Analytics: FAILED

­ƒôï Running: Get Dashboard
[2025-06-27T16:33:01.435Z] ­ƒº¬ Testing Get Dashboard
[2025-06-27T16:33:01.437Z] ÔØî Get Dashboard: FAILED
{
  "message": "Unauthorized",
  "statusCode": 401
}
ÔØî Get Dashboard: FAILED

­ƒôï Running: Get Reviews
[2025-06-27T16:33:01.437Z] ­ƒº¬ Testing Get Reviews
[2025-06-27T16:33:01.877Z] Ô£à Get Reviews: PASSED
[]
Ô£à Get Reviews: PASSED

­ƒôï Running: Get Notifications
[2025-06-27T16:33:01.878Z] ­ƒº¬ Testing Get Notifications
[2025-06-27T16:33:01.884Z] ÔØî Get Notifications: FAILED
{
  "message": "Unauthorized",
  "statusCode": 401
}
ÔØî Get Notifications: FAILED

­ƒôï Running: Mark Notification as Read
[2025-06-27T16:33:01.885Z] ­ƒº¬ Testing Mark Notification as Read
[2025-06-27T16:33:01.889Z] ÔÜá´©Å No notifications found to mark as read - Creating a test notification
[2025-06-27T16:33:01.893Z] ÔØî Failed to create test notification
ÔØî Mark Notification as Read: FAILED

­ƒôï Running: Get Unread Notification Count
[2025-06-27T16:33:01.894Z] ­ƒº¬ Testing Get Unread Notification Count
[2025-06-27T16:33:01.898Z] ÔØî Get Unread Notification Count: FAILED
{
  "message": "Unauthorized",
  "statusCode": 401
}
ÔØî Get Unread Notification Count: FAILED

­ƒôï Running: Mark All Notifications as Read
[2025-06-27T16:33:01.899Z] ­ƒº¬ Testing Mark All Notifications as Read
[2025-06-27T16:33:01.902Z] ÔØî Mark All Notifications as Read: FAILED
{
  "message": "Unauthorized",
  "statusCode": 401
}
ÔØî Mark All Notifications as Read: FAILED

­ƒôï Running: Change Password
[2025-06-27T16:33:01.902Z] ­ƒº¬ Testing Change Password
[2025-06-27T16:33:01.905Z] ÔØî Change Password: FAILED
{
  "message": "Unauthorized",
  "statusCode": 401
}
ÔØî Change Password: FAILED

­ƒôï Running: Delete Menu Item
[2025-06-27T16:33:01.906Z] ­ƒº¬ Testing Delete Menu Item
[2025-06-27T16:33:01.906Z] Using foodProviderId:
"685ec7b52d101f34354e230f"
[2025-06-27T16:33:01.906Z] Using menuItemId:
[2025-06-27T16:33:01.906Z] ÔØî Delete Menu Item: FAILED - menuItemId is empty
ÔØî Delete Menu Item: FAILED

­ƒôï Running: Logout
[2025-06-27T16:33:01.906Z] ­ƒº¬ Testing Logout
[2025-06-27T16:33:01.909Z] ÔÜá´©Å Logout endpoint not found - clearing token manually
Ô£à Logout: PASSED

============================================================
­ƒôè TEST RESULTS SUMMARY
============================================================
Ô£à Passed: 5
ÔØî Failed: 21
­ƒôê Success Rate: 19.2%

ÔÜá´©Å Some tests failed. Please check the implementation.
